Command line invocation:
    /Applications/Xcode.app/Contents/Developer/usr/bin/xcodebuild test -project ListAll/ListAll.xcodeproj -scheme ListAll -destination "platform=iOS Simulator,name=iPhone 17"

ComputePackagePrebuildTargetDependencyGraph

Prepare packages

CreateBuildRequest

SendProjectDescription

CreateBuildOperation

ComputeTargetDependencyGraph
note: Building targets in dependency order
note: Target dependency graph (3 targets)
    Target 'ListAllUITests' in project 'ListAll'
        ➜ Explicit dependency on target 'ListAll' in project 'ListAll'
    Target 'ListAllTests' in project 'ListAll'
        ➜ Explicit dependency on target 'ListAll' in project 'ListAll'
    Target 'ListAll' in project 'ListAll' (no dependencies)

GatherProvisioningInputs

CreateBuildDescription

ExecuteExternalTool /Applications/Xcode.app/Contents/Developer/Toolchains/XcodeDefault.xctoolchain/usr/bin/clang -v -E -dM -isysroot /Applications/Xcode.app/Contents/Developer/Platforms/iPhoneSimulator.platform/Developer/SDKs/iPhoneSimulator26.0.sdk -x c -c /dev/null

ExecuteExternalTool /Applications/Xcode.app/Contents/Developer/Toolchains/XcodeDefault.xctoolchain/usr/bin/swiftc --version

ExecuteExternalTool /Applications/Xcode.app/Contents/Developer/usr/bin/momc --dry-run --action generate --swift-version 5.0 --sdkroot /Applications/Xcode.app/Contents/Developer/Platforms/iPhoneSimulator.platform/Developer/SDKs/iPhoneSimulator26.0.sdk --iphonesimulator-deployment-target 16.0 --module ListAll /Users/aleksi/source/ListAllApp/ListAll/ListAll/Models/CoreData/ListAll.xcdatamodeld /Users/aleksi/Library/Developer/Xcode/DerivedData/ListAll-ggzfyaavmwidadcwjrnqcikbagxn/Build/Intermediates.noindex/ListAll.build/Debug-iphonesimulator/ListAll.build/DerivedSources/CoreDataGenerated/ListAll

ExecuteExternalTool /Applications/Xcode.app/Contents/Developer/usr/bin/actool --print-asset-tag-combinations --output-format xml1 /Users/aleksi/source/ListAllApp/ListAll/ListAll/Assets.xcassets

ExecuteExternalTool /Applications/Xcode.app/Contents/Developer/Toolchains/XcodeDefault.xctoolchain/usr/bin/ld -version_details

ExecuteExternalTool /Applications/Xcode.app/Contents/Developer/usr/bin/actool --version --output-format xml1

Build description signature: 24e77f3371345613c561b63ab933ee7d
Build description path: /Users/aleksi/Library/Developer/Xcode/DerivedData/ListAll-ggzfyaavmwidadcwjrnqcikbagxn/Build/Intermediates.noindex/XCBuildData/24e77f3371345613c561b63ab933ee7d.xcbuilddata
ClangStatCache /Applications/Xcode.app/Contents/Developer/Toolchains/XcodeDefault.xctoolchain/usr/bin/clang-stat-cache /Applications/Xcode.app/Contents/Developer/Platforms/iPhoneSimulator.platform/Developer/SDKs/iPhoneSimulator26.0.sdk /Users/aleksi/Library/Developer/Xcode/DerivedData/SDKStatCaches.noindex/iphonesimulator26.0-23A339-26257891a6c027eb51374368541b8346.sdkstatcache
    cd /Users/aleksi/source/ListAllApp/ListAll/ListAll.xcodeproj
    /Applications/Xcode.app/Contents/Developer/Toolchains/XcodeDefault.xctoolchain/usr/bin/clang-stat-cache /Applications/Xcode.app/Contents/Developer/Platforms/iPhoneSimulator.platform/Developer/SDKs/iPhoneSimulator26.0.sdk -o /Users/aleksi/Library/Developer/Xcode/DerivedData/SDKStatCaches.noindex/iphonesimulator26.0-23A339-26257891a6c027eb51374368541b8346.sdkstatcache

ProcessInfoPlistFile /Users/aleksi/Library/Developer/Xcode/DerivedData/ListAll-ggzfyaavmwidadcwjrnqcikbagxn/Build/Products/Debug-iphonesimulator/ListAll.app/Info.plist /Users/aleksi/Library/Developer/Xcode/DerivedData/ListAll-ggzfyaavmwidadcwjrnqcikbagxn/Build/Intermediates.noindex/ListAll.build/Debug-iphonesimulator/ListAll.build/empty-ListAll.plist (in target 'ListAll' from project 'ListAll')
    cd /Users/aleksi/source/ListAllApp/ListAll
    builtin-infoPlistUtility /Users/aleksi/Library/Developer/Xcode/DerivedData/ListAll-ggzfyaavmwidadcwjrnqcikbagxn/Build/Intermediates.noindex/ListAll.build/Debug-iphonesimulator/ListAll.build/empty-ListAll.plist -producttype com.apple.product-type.application -genpkginfo /Users/aleksi/Library/Developer/Xcode/DerivedData/ListAll-ggzfyaavmwidadcwjrnqcikbagxn/Build/Products/Debug-iphonesimulator/ListAll.app/PkgInfo -expandbuildsettings -format binary -platform iphonesimulator -additionalcontentfile /Users/aleksi/Library/Developer/Xcode/DerivedData/ListAll-ggzfyaavmwidadcwjrnqcikbagxn/Build/Intermediates.noindex/ListAll.build/Debug-iphonesimulator/ListAll.build/assetcatalog_generated_info.plist -o /Users/aleksi/Library/Developer/Xcode/DerivedData/ListAll-ggzfyaavmwidadcwjrnqcikbagxn/Build/Products/Debug-iphonesimulator/ListAll.app/Info.plist

CopySwiftLibs /Users/aleksi/Library/Developer/Xcode/DerivedData/ListAll-ggzfyaavmwidadcwjrnqcikbagxn/Build/Products/Debug-iphonesimulator/ListAll.app (in target 'ListAll' from project 'ListAll')
    cd /Users/aleksi/source/ListAllApp/ListAll
    builtin-swiftStdLibTool --copy --verbose --sign - --scan-executable /Users/aleksi/Library/Developer/Xcode/DerivedData/ListAll-ggzfyaavmwidadcwjrnqcikbagxn/Build/Products/Debug-iphonesimulator/ListAll.app/ListAll.debug.dylib --scan-folder /Users/aleksi/Library/Developer/Xcode/DerivedData/ListAll-ggzfyaavmwidadcwjrnqcikbagxn/Build/Products/Debug-iphonesimulator/ListAll.app/Frameworks --scan-folder /Users/aleksi/Library/Developer/Xcode/DerivedData/ListAll-ggzfyaavmwidadcwjrnqcikbagxn/Build/Products/Debug-iphonesimulator/ListAll.app/PlugIns --scan-folder /Users/aleksi/Library/Developer/Xcode/DerivedData/ListAll-ggzfyaavmwidadcwjrnqcikbagxn/Build/Products/Debug-iphonesimulator/ListAll.app/SystemExtensions --scan-folder /Users/aleksi/Library/Developer/Xcode/DerivedData/ListAll-ggzfyaavmwidadcwjrnqcikbagxn/Build/Products/Debug-iphonesimulator/ListAll.app/Extensions --platform iphonesimulator --toolchain /Applications/Xcode.app/Contents/Developer/Toolchains/XcodeDefault.xctoolchain --destination /Users/aleksi/Library/Developer/Xcode/DerivedData/ListAll-ggzfyaavmwidadcwjrnqcikbagxn/Build/Products/Debug-iphonesimulator/ListAll.app/Frameworks --strip-bitcode --strip-bitcode-tool /Applications/Xcode.app/Contents/Developer/Toolchains/XcodeDefault.xctoolchain/usr/bin/bitcode_strip --emit-dependency-info /Users/aleksi/Library/Developer/Xcode/DerivedData/ListAll-ggzfyaavmwidadcwjrnqcikbagxn/Build/Intermediates.noindex/ListAll.build/Debug-iphonesimulator/ListAll.build/SwiftStdLibToolInputDependencies.dep --filter-for-swift-os

ProcessInfoPlistFile /Users/aleksi/Library/Developer/Xcode/DerivedData/ListAll-ggzfyaavmwidadcwjrnqcikbagxn/Build/Products/Debug-iphonesimulator/ListAll.app/PlugIns/ListAllTests.xctest/Info.plist /Users/aleksi/Library/Developer/Xcode/DerivedData/ListAll-ggzfyaavmwidadcwjrnqcikbagxn/Build/Intermediates.noindex/ListAll.build/Debug-iphonesimulator/ListAllTests.build/empty-ListAllTests.plist (in target 'ListAllTests' from project 'ListAll')
    cd /Users/aleksi/source/ListAllApp/ListAll
    builtin-infoPlistUtility /Users/aleksi/Library/Developer/Xcode/DerivedData/ListAll-ggzfyaavmwidadcwjrnqcikbagxn/Build/Intermediates.noindex/ListAll.build/Debug-iphonesimulator/ListAllTests.build/empty-ListAllTests.plist -producttype com.apple.product-type.bundle.unit-test -expandbuildsettings -format binary -platform iphonesimulator -o /Users/aleksi/Library/Developer/Xcode/DerivedData/ListAll-ggzfyaavmwidadcwjrnqcikbagxn/Build/Products/Debug-iphonesimulator/ListAll.app/PlugIns/ListAllTests.xctest/Info.plist

CopySwiftLibs /Users/aleksi/Library/Developer/Xcode/DerivedData/ListAll-ggzfyaavmwidadcwjrnqcikbagxn/Build/Products/Debug-iphonesimulator/ListAll.app/PlugIns/ListAllTests.xctest (in target 'ListAllTests' from project 'ListAll')
    cd /Users/aleksi/source/ListAllApp/ListAll
    builtin-swiftStdLibTool --copy --verbose --sign - --scan-executable /Users/aleksi/Library/Developer/Xcode/DerivedData/ListAll-ggzfyaavmwidadcwjrnqcikbagxn/Build/Products/Debug-iphonesimulator/ListAll.app/PlugIns/ListAllTests.xctest/ListAllTests --scan-folder /Users/aleksi/Library/Developer/Xcode/DerivedData/ListAll-ggzfyaavmwidadcwjrnqcikbagxn/Build/Products/Debug-iphonesimulator/ListAll.app/PlugIns/ListAllTests.xctest/Frameworks --scan-folder /Users/aleksi/Library/Developer/Xcode/DerivedData/ListAll-ggzfyaavmwidadcwjrnqcikbagxn/Build/Products/Debug-iphonesimulator/ListAll.app/PlugIns/ListAllTests.xctest/PlugIns --scan-folder /Users/aleksi/Library/Developer/Xcode/DerivedData/ListAll-ggzfyaavmwidadcwjrnqcikbagxn/Build/Products/Debug-iphonesimulator/ListAll.app/PlugIns/ListAllTests.xctest/SystemExtensions --scan-folder /Users/aleksi/Library/Developer/Xcode/DerivedData/ListAll-ggzfyaavmwidadcwjrnqcikbagxn/Build/Products/Debug-iphonesimulator/ListAll.app/PlugIns/ListAllTests.xctest/Extensions --platform iphonesimulator --toolchain /Applications/Xcode.app/Contents/Developer/Toolchains/XcodeDefault.xctoolchain --destination /Users/aleksi/Library/Developer/Xcode/DerivedData/ListAll-ggzfyaavmwidadcwjrnqcikbagxn/Build/Products/Debug-iphonesimulator/ListAll.app/PlugIns/ListAllTests.xctest/Frameworks --strip-bitcode --scan-executable /Applications/Xcode.app/Contents/Developer/Platforms/iPhoneSimulator.platform/Developer/usr/lib/libXCTestSwiftSupport.dylib --strip-bitcode-tool /Applications/Xcode.app/Contents/Developer/Toolchains/XcodeDefault.xctoolchain/usr/bin/bitcode_strip --emit-dependency-info /Users/aleksi/Library/Developer/Xcode/DerivedData/ListAll-ggzfyaavmwidadcwjrnqcikbagxn/Build/Intermediates.noindex/ListAll.build/Debug-iphonesimulator/ListAllTests.build/SwiftStdLibToolInputDependencies.dep --filter-for-swift-os

ProcessInfoPlistFile /Users/aleksi/Library/Developer/Xcode/DerivedData/ListAll-ggzfyaavmwidadcwjrnqcikbagxn/Build/Products/Debug-iphonesimulator/ListAllUITests-Runner.app/PlugIns/ListAllUITests.xctest/Info.plist /Users/aleksi/Library/Developer/Xcode/DerivedData/ListAll-ggzfyaavmwidadcwjrnqcikbagxn/Build/Intermediates.noindex/ListAll.build/Debug-iphonesimulator/ListAllUITests.build/empty-ListAllUITests.plist (in target 'ListAllUITests' from project 'ListAll')
    cd /Users/aleksi/source/ListAllApp/ListAll
    builtin-infoPlistUtility /Users/aleksi/Library/Developer/Xcode/DerivedData/ListAll-ggzfyaavmwidadcwjrnqcikbagxn/Build/Intermediates.noindex/ListAll.build/Debug-iphonesimulator/ListAllUITests.build/empty-ListAllUITests.plist -producttype com.apple.product-type.bundle.ui-testing -expandbuildsettings -format binary -platform iphonesimulator -additionalcontentfile /Users/aleksi/Library/Developer/Xcode/DerivedData/ListAll-ggzfyaavmwidadcwjrnqcikbagxn/Build/Intermediates.noindex/ListAll.build/Debug-iphonesimulator/ListAllUITests.build/ProductTypeInfoPlistAdditions.plist -o /Users/aleksi/Library/Developer/Xcode/DerivedData/ListAll-ggzfyaavmwidadcwjrnqcikbagxn/Build/Products/Debug-iphonesimulator/ListAllUITests-Runner.app/PlugIns/ListAllUITests.xctest/Info.plist

Testing started
Test suite 'ServicesTests' started on 'Clone 1 of iPhone 17 - ListAll (54930)'
Test case 'ServicesTests.testAddImageToItem()' passed on 'Clone 1 of iPhone 17 - ListAll (54930)' (0.021 seconds)
Test case 'ServicesTests.testAdvancedSuggestionScoring()' passed on 'Clone 1 of iPhone 17 - ListAll (54930)' (0.059 seconds)
Test case 'ServicesTests.testAverageUsageGapCalculation()' passed on 'Clone 1 of iPhone 17 - ListAll (54930)' (0.014 seconds)
Test case 'ServicesTests.testClearError()' passed on 'Clone 1 of iPhone 17 - ListAll (54930)' (0.024 seconds)
Test case 'ServicesTests.testCombinedScoringWeights()' passed on 'Clone 1 of iPhone 17 - ListAll (54930)' (0.012 seconds)
Test case 'ServicesTests.testConflictDetailTypes()' passed on 'Clone 1 of iPhone 17 - ListAll (54930)' (0.001 seconds)
Test suite 'ListAllUITests' started on 'Clone 2 of iPhone 17 - ListAllUITests-Runner (54925)'
Test case 'ServicesTests.testCopyToClipboardCSV()' passed on 'Clone 1 of iPhone 17 - ListAll (54930)' (0.043 seconds)
Test case 'ServicesTests.testCopyToClipboardJSON()' passed on 'Clone 1 of iPhone 17 - ListAll (54930)' (0.056 seconds)
Test case 'ServicesTests.testCopyToClipboardPlainText()' passed on 'Clone 1 of iPhone 17 - ListAll (54930)' (0.019 seconds)
Test case 'ServicesTests.testCreateItemImage()' passed on 'Clone 1 of iPhone 17 - ListAll (54930)' (0.019 seconds)
Test case 'ServicesTests.testDataRepositoryReorderItems()' passed on 'Clone 1 of iPhone 17 - ListAll (54930)' (0.007 seconds)
Test case 'ServicesTests.testDataRepositoryReorderItemsInvalidIndices()' passed on 'Clone 1 of iPhone 17 - ListAll (54930)' (0.008 seconds)
Test case 'ServicesTests.testExportFilterArchivedLists()' passed on 'Clone 1 of iPhone 17 - ListAll (54930)' (0.020 seconds)
Test case 'ServicesTests.testExportOptionsDefault()' passed on 'Clone 1 of iPhone 17 - ListAll (54930)' (0.001 seconds)
Test case 'ServicesTests.testExportOptionsMinimal()' passed on 'Clone 1 of iPhone 17 - ListAll (54930)' (0.001 seconds)
Test case 'ServicesTests.testExportPlainTextWithoutDates()' passed on 'Clone 1 of iPhone 17 - ListAll (54930)' (0.022 seconds)
Test case 'ServicesTests.testExportPlainTextWithoutDescriptions()' passed on 'Clone 1 of iPhone 17 - ListAll (54930)' (0.006 seconds)
Test case 'ServicesTests.testExportPlainTextWithoutQuantities()' passed on 'Clone 1 of iPhone 17 - ListAll (54930)' (0.010 seconds)
Test case 'ServicesTests.testExportServiceInitialization()' passed on 'Clone 1 of iPhone 17 - ListAll (54930)' (0.004 seconds)
Test case 'ServicesTests.testExportToCSVBasic()' passed on 'Clone 1 of iPhone 17 - ListAll (54930)' (30.987 seconds)
Test case 'ListAllUITests.testAddItemToList()' failed on 'Clone 2 of iPhone 17 - ListAllUITests-Runner (54925)' (62.667 seconds)
Test case 'ServicesTests.testExportToCSVCrossedOutItems()' passed on 'Clone 1 of iPhone 17 - ListAll (54930)' (35.190 seconds)
Test case 'ServicesTests.testExportToCSVEmptyList()' passed on 'Clone 1 of iPhone 17 - ListAll (54930)' (0.004 seconds)
Test case 'ServicesTests.testExportToCSVMultipleItems()' passed on 'Clone 1 of iPhone 17 - ListAll (54930)' (0.054 seconds)
Test case 'ServicesTests.testExportToCSVNoData()' passed on 'Clone 1 of iPhone 17 - ListAll (54930)' (0.003 seconds)
Test case 'ServicesTests.testExportToCSVSpecialCharacters()' passed on 'Clone 1 of iPhone 17 - ListAll (54930)' (0.007 seconds)
Test case 'ServicesTests.testExportToCSVWithOptions()' passed on 'Clone 1 of iPhone 17 - ListAll (54930)' (0.006 seconds)
Test case 'ServicesTests.testExportToJSONBasic()' passed on 'Clone 1 of iPhone 17 - ListAll (54930)' (0.031 seconds)
Test case 'ServicesTests.testExportToJSONEmptyList()' passed on 'Clone 1 of iPhone 17 - ListAll (54930)' (0.004 seconds)
Test case 'ServicesTests.testExportToJSONMetadata()' passed on 'Clone 1 of iPhone 17 - ListAll (54930)' (0.007 seconds)
Test case 'ServicesTests.testExportToJSONMultipleLists()' passed on 'Clone 1 of iPhone 17 - ListAll (54930)' (0.012 seconds)
Test case 'ServicesTests.testExportToJSONWithOptions()' passed on 'Clone 1 of iPhone 17 - ListAll (54930)' (0.009 seconds)
Test case 'ServicesTests.testExportToPlainTextBasic()' passed on 'Clone 1 of iPhone 17 - ListAll (54930)' (0.006 seconds)
Test case 'ServicesTests.testExportToPlainTextCrossedOutMarkers()' passed on 'Clone 1 of iPhone 17 - ListAll (54930)' (0.006 seconds)
Test case 'ServicesTests.testExportToPlainTextEmptyList()' passed on 'Clone 1 of iPhone 17 - ListAll (54930)' (0.004 seconds)
Test case 'ServicesTests.testExportToPlainTextWithOptions()' passed on 'Clone 1 of iPhone 17 - ListAll (54930)' (0.007 seconds)
Test case 'ServicesTests.testFileSizeFormatting()' passed on 'Clone 1 of iPhone 17 - ListAll (54930)' (0.001 seconds)
Test case 'ServicesTests.testFrequencyBasedWeighting()' passed on 'Clone 1 of iPhone 17 - ListAll (54930)' (0.008 seconds)
Test case 'ServicesTests.testGetSuggestionsWithLimit()' passed on 'Clone 1 of iPhone 17 - ListAll (54930)' (0.009 seconds)
Test case 'ServicesTests.testGetSuggestionsWithoutLimit()' passed on 'Clone 1 of iPhone 17 - ListAll (54930)' (0.008 seconds)
Test case 'ServicesTests.testImageCompression()' passed on 'Clone 1 of iPhone 17 - ListAll (54930)' (0.439 seconds)
Test case 'ServicesTests.testImageFormatDetection()' passed on 'Clone 1 of iPhone 17 - ListAll (54930)' (0.002 seconds)
Test case 'ServicesTests.testImageProcessingBasic()' passed on 'Clone 1 of iPhone 17 - ListAll (54930)' (0.002 seconds)
Test case 'ServicesTests.testImageResizing()' passed on 'Clone 1 of iPhone 17 - ListAll (54930)' (0.439 seconds)
Test case 'ServicesTests.testImageResizingNoChangeNeeded()' passed on 'Clone 1 of iPhone 17 - ListAll (54930)' (0.002 seconds)
Test case 'ServicesTests.testImageServiceSingleton()' passed on 'Clone 1 of iPhone 17 - ListAll (54930)' (0.001 seconds)
Test case 'ServicesTests.testImageSizeValidation()' passed on 'Clone 1 of iPhone 17 - ListAll (54930)' (0.002 seconds)
Test case 'ServicesTests.testImageValidation()' passed on 'Clone 1 of iPhone 17 - ListAll (54930)' (0.003 seconds)
Test case 'ServicesTests.testImportFromJSONAppendStrategy()' passed on 'Clone 1 of iPhone 17 - ListAll (54930)' (0.019 seconds)
Test case 'ServicesTests.testImportFromJSONBasic()' passed on 'Clone 1 of iPhone 17 - ListAll (54930)' (0.014 seconds)
Test case 'ServicesTests.testImportFromJSONInvalidData()' passed on 'Clone 1 of iPhone 17 - ListAll (54930)' (0.041 seconds)
Test case 'ServicesTests.testImportFromJSONMergeStrategy()' passed on 'Clone 1 of iPhone 17 - ListAll (54930)' (0.028 seconds)
Test case 'ServicesTests.testImportFromJSONMultipleLists()' passed on 'Clone 1 of iPhone 17 - ListAll (54930)' (0.015 seconds)
Test case 'ServicesTests.testImportFromJSONReplaceStrategy()' passed on 'Clone 1 of iPhone 17 - ListAll (54930)' (0.018 seconds)
Test case 'ServicesTests.testImportOptions()' passed on 'Clone 1 of iPhone 17 - ListAll (54930)' (0.001 seconds)
Test case 'ServicesTests.testImportPreviewAppendStrategy()' passed on 'Clone 1 of iPhone 17 - ListAll (54930)' (0.012 seconds)
Test case 'ServicesTests.testImportPreviewBasic()' passed on 'Clone 1 of iPhone 17 - ListAll (54930)' (0.008 seconds)
Test case 'ServicesTests.testImportPreviewInvalidData()' passed on 'Clone 1 of iPhone 17 - ListAll (54930)' (0.014 seconds)
Test case 'ServicesTests.testImportPreviewMergeWithConflicts()' passed on 'Clone 1 of iPhone 17 - ListAll (54930)' (0.008 seconds)
Test case 'ServicesTests.testImportPreviewReplaceStrategy()' passed on 'Clone 1 of iPhone 17 - ListAll (54930)' (0.016 seconds)
Test case 'ServicesTests.testImportProgressPercentageCalculation()' passed on 'Clone 1 of iPhone 17 - ListAll (54930)' (0.001 seconds)
Test case 'ServicesTests.testImportProgressTracking()' passed on 'Clone 1 of iPhone 17 - ListAll (54930)' (0.024 seconds)
Test case 'ServicesTests.testImportResult()' passed on 'Clone 1 of iPhone 17 - ListAll (54930)' (0.001 seconds)
Test case 'ServicesTests.testImportServiceInitialization()' passed on 'Clone 1 of iPhone 17 - ListAll (54930)' (0.003 seconds)
Test case 'ServicesTests.testImportValidationEmptyItemTitle()' passed on 'Clone 1 of iPhone 17 - ListAll (54930)' (0.006 seconds)
Test case 'ServicesTests.testImportValidationEmptyListName()' passed on 'Clone 1 of iPhone 17 - ListAll (54930)' (0.007 seconds)
Test case 'ServicesTests.testImportValidationNegativeQuantity()' passed on 'Clone 1 of iPhone 17 - ListAll (54930)' (0.009 seconds)
Test case 'ServicesTests.testImportWithConflictTracking()' passed on 'Clone 1 of iPhone 17 - ListAll (54930)' (0.009 seconds)
Test case 'ServicesTests.testParseListURL()' passed on 'Clone 1 of iPhone 17 - ListAll (54930)' (0.008 seconds)
Test case 'ServicesTests.testParseListURLInvalidFormat()' passed on 'Clone 1 of iPhone 17 - ListAll (54930)' (0.004 seconds)
Test case 'ServicesTests.testParseListURLInvalidScheme()' passed on 'Clone 1 of iPhone 17 - ListAll (54930)' (0.011 seconds)
Test case 'ServicesTests.testPlaceholder()' passed on 'Clone 1 of iPhone 17 - ListAll (54930)' (0.001 seconds)
Test case 'ServicesTests.testRecencyScoring()' passed on 'Clone 1 of iPhone 17 - ListAll (54930)' (0.007 seconds)
Test case 'ServicesTests.testRemoveImageFromItem()' passed on 'Clone 1 of iPhone 17 - ListAll (54930)' (0.011 seconds)
Test case 'ServicesTests.testReorderImages()' passed on 'Clone 1 of iPhone 17 - ListAll (54930)' (0.011 seconds)
Test case 'ServicesTests.testShareAllDataAsJSON()' passed on 'Clone 1 of iPhone 17 - ListAll (54930)' (0.030 seconds)
Test case 'ServicesTests.testShareAllDataAsPlainText()' failed on 'Clone 1 of iPhone 17 - ListAll (54930)' (1.053 seconds)
Test case 'ServicesTests.testShareAllDataURLNotSupported()' passed on 'Clone 1 of iPhone 17 - ListAll (54930)' (0.011 seconds)
Test case 'ServicesTests.testShareListAsJSON()' passed on 'Clone 1 of iPhone 17 - ListAll (54930)' (0.029 seconds)
Test case 'ServicesTests.testShareListAsPlainText()' failed on 'Clone 1 of iPhone 17 - ListAll (54930)' (0.025 seconds)
Test case 'ServicesTests.testShareListAsPlainTextWithOptions()' failed on 'Clone 1 of iPhone 17 - ListAll (54930)' (0.012 seconds)
Test case 'ServicesTests.testShareListAsURL()' failed on 'Clone 1 of iPhone 17 - ListAll (54930)' (0.008 seconds)
Test case 'ServicesTests.testShareListEmptyList()' failed on 'Clone 1 of iPhone 17 - ListAll (54930)' (0.009 seconds)
Test case 'ServicesTests.testShareListInvalidList()' passed on 'Clone 1 of iPhone 17 - ListAll (54930)' (0.008 seconds)
Test case 'ServicesTests.testShareOptionsDefaults()' passed on 'Clone 1 of iPhone 17 - ListAll (54930)' (0.001 seconds)
Test case 'ServicesTests.testSharingServiceInitialization()' passed on 'Clone 1 of iPhone 17 - ListAll (54930)' (0.010 seconds)
Test case 'ServicesTests.testSuggestionCacheInvalidation()' passed on 'Clone 1 of iPhone 17 - ListAll (54930)' (0.008 seconds)
Test case 'ServicesTests.testSuggestionCaching()' passed on 'Clone 1 of iPhone 17 - ListAll (54930)' (0.009 seconds)
Test case 'ServicesTests.testSuggestionCachingWithLimits()' passed on 'Clone 1 of iPhone 17 - ListAll (54930)' (0.015 seconds)
Test case 'ServicesTests.testSuggestionDetailsIncluded()' passed on 'Clone 1 of iPhone 17 - ListAll (54930)' (0.010 seconds)
Test case 'ServicesTests.testSuggestionServiceBasicSuggestions()' passed on 'Clone 1 of iPhone 17 - ListAll (54930)' (0.009 seconds)
Test case 'ServicesTests.testSuggestionServiceClearSuggestions()' passed on 'Clone 1 of iPhone 17 - ListAll (54930)' (0.007 seconds)
Test case 'ServicesTests.testSuggestionServiceEmptySearch()' passed on 'Clone 1 of iPhone 17 - ListAll (54930)' (0.007 seconds)
Test case 'ServicesTests.testSuggestionServiceFuzzyMatching()' passed on 'Clone 1 of iPhone 17 - ListAll (54930)' (0.007 seconds)
Test case 'ServicesTests.testSuggestionServiceFuzzyMatchingEdgeCases()' passed on 'Clone 1 of iPhone 17 - ListAll (54930)' (0.006 seconds)
Test case 'ServicesTests.testSuggestionServiceIndividualItems()' passed on 'Clone 1 of iPhone 17 - ListAll (54930)' (0.008 seconds)
Test case 'ServicesTests.testSuggestionServiceMultipleMatches()' passed on 'Clone 1 of iPhone 17 - ListAll (54930)' (0.007 seconds)
Test case 'ServicesTests.testSuggestionServiceRecentItems()' passed on 'Clone 1 of iPhone 17 - ListAll (54930)' (0.007 seconds)
Test case 'ServicesTests.testSwiftUIImageCreation()' passed on 'Clone 1 of iPhone 17 - ListAll (54930)' (0.044 seconds)
Test case 'ServicesTests.testThumbnailCreation()' passed on 'Clone 1 of iPhone 17 - ListAll (54930)' (0.021 seconds)
Test case 'ServicesTests.testThumbnailFromData()' passed on 'Clone 1 of iPhone 17 - ListAll (54930)' (0.084 seconds)
Test case 'ServicesTests.testValidateListForSharing()' passed on 'Clone 1 of iPhone 17 - ListAll (54930)' (0.005 seconds)
Test suite 'ViewModelsTests' started on 'Clone 1 of iPhone 17 - ListAll (54930)'
Test case 'ViewModelsTests.testAddListEmptyName()' passed on 'Clone 1 of iPhone 17 - ListAll (54930)' (0.005 seconds)
Test case 'ViewModelsTests.testAddListExactly100Characters()' passed on 'Clone 1 of iPhone 17 - ListAll (54930)' (0.005 seconds)
Test case 'ViewModelsTests.testAddListNameTooLong()' passed on 'Clone 1 of iPhone 17 - ListAll (54930)' (0.006 seconds)
Test case 'ViewModelsTests.testAddListSuccess()' passed on 'Clone 1 of iPhone 17 - ListAll (54930)' (0.004 seconds)
Test case 'ViewModelsTests.testAddListWhitespaceName()' passed on 'Clone 1 of iPhone 17 - ListAll (54930)' (0.008 seconds)
Test case 'ViewModelsTests.testDeleteAllLists()' passed on 'Clone 1 of iPhone 17 - ListAll (54930)' (0.009 seconds)
Test case 'ViewModelsTests.testDeleteList()' passed on 'Clone 1 of iPhone 17 - ListAll (54930)' (0.005 seconds)
Test case 'ViewModelsTests.testDeleteSelectedLists()' passed on 'Clone 1 of iPhone 17 - ListAll (54930)' (0.010 seconds)
Test case 'ViewModelsTests.testDeselectAll()' passed on 'Clone 1 of iPhone 17 - ListAll (54930)' (0.005 seconds)
Test case 'ViewModelsTests.testEnterSelectionMode()' passed on 'Clone 1 of iPhone 17 - ListAll (54930)' (0.007 seconds)
Test case 'ViewModelsTests.testExitSelectionMode()' passed on 'Clone 1 of iPhone 17 - ListAll (54930)' (0.004 seconds)
Test case 'ViewModelsTests.testInMemoryCoreDataStack()' passed on 'Clone 1 of iPhone 17 - ListAll (54930)' (0.007 seconds)
Test case 'ViewModelsTests.testItemSortingByCreatedDateAscending()' passed on 'Clone 1 of iPhone 17 - ListAll (54930)' (0.036 seconds)
Test case 'ViewModelsTests.testItemSortingByOrderNumberAscending()' passed on 'Clone 1 of iPhone 17 - ListAll (54930)' (0.019 seconds)
Test case 'ViewModelsTests.testItemSortingByOrderNumberDescending()' passed on 'Clone 1 of iPhone 17 - ListAll (54930)' (0.025 seconds)
Test case 'ViewModelsTests.testItemSortingByQuantityAscending()' passed on 'Clone 1 of iPhone 17 - ListAll (54930)' (0.021 seconds)
Test case 'ViewModelsTests.testItemSortingByQuantityDescending()' passed on 'Clone 1 of iPhone 17 - ListAll (54930)' (0.013 seconds)
Test case 'ViewModelsTests.testItemSortingByTitleAscending()' passed on 'Clone 1 of iPhone 17 - ListAll (54930)' (0.020 seconds)
Test case 'ViewModelsTests.testItemSortingByTitleDescending()' passed on 'Clone 1 of iPhone 17 - ListAll (54930)' (0.105 seconds)
Test case 'ViewModelsTests.testItemViewModelInitialization()' passed on 'Clone 1 of iPhone 17 - ListAll (54930)' (0.021 seconds)
Test case 'ViewModelsTests.testItemViewModelToggleCrossedOut()' passed on 'Clone 1 of iPhone 17 - ListAll (54930)' (0.020 seconds)
Test case 'ViewModelsTests.testListViewModelCreateItem()' passed on 'Clone 1 of iPhone 17 - ListAll (54930)' (0.148 seconds)
Test case 'ViewModelsTests.testListViewModelDeleteItem()' passed on 'Clone 1 of iPhone 17 - ListAll (54930)' (0.023 seconds)
Test case 'ViewModelsTests.testListViewModelFilteredItemsEmptyWhenAllCrossedOut()' passed on 'Clone 1 of iPhone 17 - ListAll (54930)' (0.037 seconds)
Test case 'ViewModelsTests.testListViewModelFilteredItemsHideCrossedOut()' passed on 'Clone 1 of iPhone 17 - ListAll (54930)' (0.016 seconds)
Test case 'ViewModelsTests.testListViewModelFilteredItemsShowAll()' passed on 'Clone 1 of iPhone 17 - ListAll (54930)' (0.038 seconds)
Test case 'ViewModelsTests.testListViewModelMoveItems()' passed on 'Clone 1 of iPhone 17 - ListAll (54930)' (0.300 seconds)
Test case 'ViewModelsTests.testListViewModelNoUndoButtonOnUncomplete()' passed on 'Clone 1 of iPhone 17 - ListAll (54930)' (0.119 seconds)
Test case 'ViewModelsTests.testListViewModelReorderItems()' passed on 'Clone 1 of iPhone 17 - ListAll (54930)' (0.078 seconds)
Test case 'ViewModelsTests.testListViewModelReorderItemsInvalidIndices()' passed on 'Clone 1 of iPhone 17 - ListAll (54930)' (0.065 seconds)
Test case 'ViewModelsTests.testListViewModelShowCrossedOutItemsDefault()' passed on 'Clone 1 of iPhone 17 - ListAll (54930)' (0.028 seconds)
Test case 'ViewModelsTests.testListViewModelShowUndoButtonOnComplete()' passed on 'Clone 1 of iPhone 17 - ListAll (54930)' (0.045 seconds)
Test case 'ViewModelsTests.testListViewModelToggleItemCrossedOut()' passed on 'Clone 1 of iPhone 17 - ListAll (54930)' (0.114 seconds)
Test case 'ViewModelsTests.testListViewModelToggleShowCrossedOutItems()' passed on 'Clone 1 of iPhone 17 - ListAll (54930)' (0.059 seconds)
Test case 'ViewModelsTests.testListViewModelUndoButtonReplacesOnNewCompletion()' passed on 'Clone 1 of iPhone 17 - ListAll (54930)' (0.055 seconds)
Test case 'ViewModelsTests.testListViewModelUndoComplete()' passed on 'Clone 1 of iPhone 17 - ListAll (54930)' (0.056 seconds)
Test case 'ViewModelsTests.testMainViewModelInitialization()' passed on 'Clone 1 of iPhone 17 - ListAll (54930)' (0.026 seconds)
Test case 'ViewModelsTests.testMultiSelectPersistence()' passed on 'Clone 1 of iPhone 17 - ListAll (54930)' (0.034 seconds)
Test case 'ViewModelsTests.testSelectAll()' passed on 'Clone 1 of iPhone 17 - ListAll (54930)' (0.100 seconds)
Test case 'ViewModelsTests.testSelectionModeWithEmptyLists()' passed on 'Clone 1 of iPhone 17 - ListAll (54930)' (0.014 seconds)
Test case 'ViewModelsTests.testSortingWithFiltering()' passed on 'Clone 1 of iPhone 17 - ListAll (54930)' (0.022 seconds)
Test case 'ViewModelsTests.testSortPreferencesPersistence()' passed on 'Clone 1 of iPhone 17 - ListAll (54930)' (0.016 seconds)
Test case 'ViewModelsTests.testSpecialCharactersInListNames()' passed on 'Clone 1 of iPhone 17 - ListAll (54930)' (0.014 seconds)
Test case 'ViewModelsTests.testTestHelpersIsolation()' passed on 'Clone 1 of iPhone 17 - ListAll (54930)' (0.031 seconds)
Test case 'ViewModelsTests.testToggleSelection()' passed on 'Clone 1 of iPhone 17 - ListAll (54930)' (0.024 seconds)
Test case 'ViewModelsTests.testUpdateListEmptyName()' passed on 'Clone 1 of iPhone 17 - ListAll (54930)' (0.014 seconds)
Test case 'ViewModelsTests.testUpdateListNameTooLong()' passed on 'Clone 1 of iPhone 17 - ListAll (54930)' (0.011 seconds)
Test case 'ViewModelsTests.testUpdateListSuccess()' passed on 'Clone 1 of iPhone 17 - ListAll (54930)' (0.010 seconds)
Test case 'ViewModelsTests.testValidationErrorEmptyNameDescription()' passed on 'Clone 1 of iPhone 17 - ListAll (54930)' (0.001 seconds)
Test case 'ViewModelsTests.testValidationErrorNameTooLongDescription()' passed on 'Clone 1 of iPhone 17 - ListAll (54930)' (0.001 seconds)
Test suite 'URLHelperTests' started on 'Clone 1 of iPhone 17 - ListAll (54930)'
Test case 'URLHelperTests.testBasicHTTPURLDetection()' passed on 'Clone 1 of iPhone 17 - ListAll (54930)' (0.021 seconds)
Test case 'URLHelperTests.testContainsURLFalse()' passed on 'Clone 1 of iPhone 17 - ListAll (54930)' (0.004 seconds)
Test case 'URLHelperTests.testContainsURLTrue()' passed on 'Clone 1 of iPhone 17 - ListAll (54930)' (0.007 seconds)
Test case 'URLHelperTests.testEdgeCases()' passed on 'Clone 1 of iPhone 17 - ListAll (54930)' (0.032 seconds)
Test case 'URLHelperTests.testMultipleURLDetection()' passed on 'Clone 1 of iPhone 17 - ListAll (54930)' (0.008 seconds)
Test case 'URLHelperTests.testOpenURL()' passed on 'Clone 1 of iPhone 17 - ListAll (54930)' (0.108 seconds)
Test case 'URLHelperTests.testParseTextComponents()' passed on 'Clone 1 of iPhone 17 - ListAll (54930)' (0.003 seconds)
Test case 'URLHelperTests.testParseTextComponentsPlainText()' passed on 'Clone 1 of iPhone 17 - ListAll (54930)' (0.003 seconds)
Test case 'URLHelperTests.testParseTextComponentsWithMixedContent()' passed on 'Clone 1 of iPhone 17 - ListAll (54930)' (0.007 seconds)
Test case 'URLHelperTests.testRealWorldURL()' passed on 'Clone 1 of iPhone 17 - ListAll (54930)' (0.004 seconds)
Test case 'URLHelperTests.testStringURLExtension()' passed on 'Clone 1 of iPhone 17 - ListAll (54930)' (0.001 seconds)
Test suite 'ModelTests' started on 'Clone 1 of iPhone 17 - ListAll (54930)'
Test suite 'UtilsTests' started on 'Clone 1 of iPhone 17 - ListAll (54930)'
Test case 'UtilsTests/testValidateListNameTooLong()' passed on 'Clone 1 of iPhone 17 - ListAll (54930)' (0.000 seconds)
Test case 'UtilsTests/testValidateListNameWhitespace()' passed on 'Clone 1 of iPhone 17 - ListAll (54930)' (0.000 seconds)
Test case 'UtilsTests/testDateListFormatted()' passed on 'Clone 1 of iPhone 17 - ListAll (54930)' (0.000 seconds)
Test case 'UtilsTests/testValidateItemDescriptionSuccess()' passed on 'Clone 1 of iPhone 17 - ListAll (54930)' (0.000 seconds)
Test case 'UtilsTests/testValidateListNameExactly100Characters()' passed on 'Clone 1 of iPhone 17 - ListAll (54930)' (0.000 seconds)
Test case 'UtilsTests/testValidateItemTitleWhitespace()' passed on 'Clone 1 of iPhone 17 - ListAll (54930)' (0.000 seconds)
Test case 'UtilsTests/testValidateItemQuantityExactly9999()' passed on 'Clone 1 of iPhone 17 - ListAll (54930)' (0.000 seconds)
Test case 'UtilsTests/testValidateItemQuantityNegative()' passed on 'Clone 1 of iPhone 17 - ListAll (54930)' (0.000 seconds)
Test case 'UtilsTests/testValidateListNameSuccess()' passed on 'Clone 1 of iPhone 17 - ListAll (54930)' (0.000 seconds)
Test case 'UtilsTests/testValidateItemQuantityZero()' passed on 'Clone 1 of iPhone 17 - ListAll (54930)' (0.000 seconds)
Test case 'UtilsTests/testValidateItemQuantitySuccess()' passed on 'Clone 1 of iPhone 17 - ListAll (54930)' (0.000 seconds)
Test case 'UtilsTests/testDateFormatted()' passed on 'Clone 1 of iPhone 17 - ListAll (54930)' (0.000 seconds)
Test case 'UtilsTests/testValidateItemTitleTooLong()' passed on 'Clone 1 of iPhone 17 - ListAll (54930)' (0.000 seconds)
Test case 'UtilsTests/testStringIsBlank()' passed on 'Clone 1 of iPhone 17 - ListAll (54930)' (0.000 seconds)
Test case 'UtilsTests/testValidateListNameEmpty()' passed on 'Clone 1 of iPhone 17 - ListAll (54930)' (0.000 seconds)
Test case 'UtilsTests/testValidateItemTitleExactly200Characters()' passed on 'Clone 1 of iPhone 17 - ListAll (54930)' (0.000 seconds)
Test case 'UtilsTests/testDateRelativeFormatted()' passed on 'Clone 1 of iPhone 17 - ListAll (54930)' (0.000 seconds)
Test case 'UtilsTests/testValidateItemDescriptionEmpty()' passed on 'Clone 1 of iPhone 17 - ListAll (54930)' (0.000 seconds)
Test case 'UtilsTests/testValidateItemDescriptionExactly1000Characters()' passed on 'Clone 1 of iPhone 17 - ListAll (54930)' (0.000 seconds)
Test case 'UtilsTests/testValidateItemQuantityTooHigh()' passed on 'Clone 1 of iPhone 17 - ListAll (54930)' (0.000 seconds)
Test case 'UtilsTests/testValidateItemDescriptionTooLong()' passed on 'Clone 1 of iPhone 17 - ListAll (54930)' (0.000 seconds)
Test case 'UtilsTests/testStringTrimmed()' passed on 'Clone 1 of iPhone 17 - ListAll (54930)' (0.000 seconds)
Test case 'UtilsTests/testValidateItemTitleEmpty()' passed on 'Clone 1 of iPhone 17 - ListAll (54930)' (0.000 seconds)
Test case 'UtilsTests/testValidationResultSuccess()' passed on 'Clone 1 of iPhone 17 - ListAll (54930)' (0.000 seconds)
Test case 'UtilsTests/testValidationResultFailure()' passed on 'Clone 1 of iPhone 17 - ListAll (54930)' (0.000 seconds)
Test case 'UtilsTests/testStringCapitalizedFirst()' passed on 'Clone 1 of iPhone 17 - ListAll (54930)' (0.000 seconds)
Test case 'UtilsTests/testValidateItemTitleSuccess()' passed on 'Clone 1 of iPhone 17 - ListAll (54930)' (0.000 seconds)
Test case 'ModelTests/testItemInitialization()' passed on 'Clone 1 of iPhone 17 - ListAll (54930)' (0.000 seconds)
Test case 'ModelTests/testItemWithListId()' passed on 'Clone 1 of iPhone 17 - ListAll (54930)' (0.000 seconds)
Test case 'ModelTests/testItemSortedImages()' passed on 'Clone 1 of iPhone 17 - ListAll (54930)' (0.000 seconds)
Test case 'ModelTests/testItemImageCount()' passed on 'Clone 1 of iPhone 17 - ListAll (54930)' (0.000 seconds)
Test case 'ModelTests/testItemDisplayTitle()' passed on 'Clone 1 of iPhone 17 - ListAll (54930)' (0.000 seconds)
Test case 'ModelTests/testItemDisplayDescription()' passed on 'Clone 1 of iPhone 17 - ListAll (54930)' (0.000 seconds)
Test case 'ModelTests/testItemUpdateModifiedDate()' passed on 'Clone 1 of iPhone 17 - ListAll (54930)' (0.000 seconds)
Test case 'ModelTests/testItemToggleCrossedOut()' passed on 'Clone 1 of iPhone 17 - ListAll (54930)' (0.000 seconds)
Test case 'ModelTests/testItemValidation()' passed on 'Clone 1 of iPhone 17 - ListAll (54930)' (0.000 seconds)
Test case 'ModelTests/testItemFormattedQuantity()' passed on 'Clone 1 of iPhone 17 - ListAll (54930)' (0.000 seconds)
Test case 'ModelTests/testListInitialization()' passed on 'Clone 1 of iPhone 17 - ListAll (54930)' (0.000 seconds)
Test case 'ModelTests/testListSortedItems()' passed on 'Clone 1 of iPhone 17 - ListAll (54930)' (0.000 seconds)
Test case 'ModelTests/testListItemCounts()' passed on 'Clone 1 of iPhone 17 - ListAll (54930)' (0.000 seconds)
Test case 'ModelTests/testListUpdateModifiedDate()' passed on 'Clone 1 of iPhone 17 - ListAll (54930)' (0.000 seconds)
Test case 'ModelTests/testListValidation()' passed on 'Clone 1 of iPhone 17 - ListAll (54930)' (0.000 seconds)
Test case 'ModelTests/testListAddItem()' passed on 'Clone 1 of iPhone 17 - ListAll (54930)' (0.000 seconds)
Test case 'ModelTests/testListRemoveItem()' passed on 'Clone 1 of iPhone 17 - ListAll (54930)' (0.000 seconds)
Test case 'ModelTests/testListUpdateItem()' passed on 'Clone 1 of iPhone 17 - ListAll (54930)' (0.000 seconds)
Test case 'ModelTests/testItemImageInitialization()' passed on 'Clone 1 of iPhone 17 - ListAll (54930)' (0.000 seconds)
Test case 'ModelTests/testItemImageWithData()' passed on 'Clone 1 of iPhone 17 - ListAll (54930)' (0.000 seconds)
Test case 'ModelTests/testItemImageHasImageData()' passed on 'Clone 1 of iPhone 17 - ListAll (54930)' (0.000 seconds)
Test case 'ModelTests/testItemImageSize()' passed on 'Clone 1 of iPhone 17 - ListAll (54930)' (0.000 seconds)
Test case 'ModelTests/testItemImageFormattedSize()' passed on 'Clone 1 of iPhone 17 - ListAll (54930)' (0.000 seconds)
Test case 'ModelTests/testItemImageValidation()' passed on 'Clone 1 of iPhone 17 - ListAll (54930)' (0.000 seconds)
Test case 'ModelTests/testItemImageCompressImage()' passed on 'Clone 1 of iPhone 17 - ListAll (54930)' (0.000 seconds)
Test suite 'ListAllUITestsLaunchTests' started on 'Clone 4 of iPhone 17 - ListAllUITests-Runner (56248)'
Test case 'ListAllUITestsLaunchTests.testLaunch()' passed on 'Clone 4 of iPhone 17 - ListAllUITests-Runner (56248)' (14.266 seconds)
Test case 'ListAllUITestsLaunchTests.testLaunch()' passed on 'Clone 4 of iPhone 17 - ListAllUITests-Runner (56248)' (10.514 seconds)
Test case 'ListAllUITestsLaunchTests.testLaunch()' passed on 'Clone 4 of iPhone 17 - ListAllUITests-Runner (56248)' (8.870 seconds)
Test case 'ListAllUITestsLaunchTests.testLaunch()' passed on 'Clone 4 of iPhone 17 - ListAllUITests-Runner (56248)' (6.254 seconds)
Test case 'ListAllUITests.testAppLaunch()' failed on 'Clone 2 of iPhone 17 - ListAllUITests-Runner (54925)' (0.000 seconds)
Test case 'ListAllUITests.testCreateListValidationEmptyName()' passed on 'Clone 2 of iPhone 17 - ListAllUITests-Runner (58692)' (8.464 seconds)
Test case 'ListAllUITests.testCreateListViewPresentation()' passed on 'Clone 2 of iPhone 17 - ListAllUITests-Runner (58692)' (7.317 seconds)
Test case 'ListAllUITests.testCreateListWithValidName()' passed on 'Clone 2 of iPhone 17 - ListAllUITests-Runner (58692)' (9.625 seconds)
Test case 'ListAllUITests.testCreateNewList()' passed on 'Clone 2 of iPhone 17 - ListAllUITests-Runner (58692)' (3.516 seconds)
Test case 'ListAllUITests.testDeleteList()' passed on 'Clone 2 of iPhone 17 - ListAllUITests-Runner (58692)' (5.908 seconds)
Test case 'ListAllUITests.testDeleteListContextMenu()' skipped on 'Clone 2 of iPhone 17 - ListAllUITests-Runner (58692)' (3.508 seconds)
Test case 'ListAllUITests.testDeleteListSwipeAction()' passed on 'Clone 2 of iPhone 17 - ListAllUITests-Runner (58692)' (15.306 seconds)
Test case '
Test session results, code coverage, and logs:
	/Users/aleksi/Library/Developer/Xcode/DerivedData/ListAll-ggzfyaavmwidadcwjrnqcikbagxn/Logs/Test/Test-ListAll-2025.10.05_10-20-01-+0300.xcresult

ListAllUITests.testEditListContextMenu()' skipped on 'Clone 2 of iPhone 17 - ListAllUITests-Runner (58692)' (3.463 seconds)
Test case 'ListAllUITests.testEditListNameChange()' passed on 'Clone 2 of iPhone 17 - ListAllUITests-Runner (58692)' (134.384 seconds)
Test case 'ListAllUITests.testItemInteraction()' passed on 'Clone 2 of iPhone 17 - ListAllUITests-Runner (58692)' (4.989 seconds)
Test case 'ListAllUITests.testLaunchPerformance()' passed on 'Clone 2 of iPhone 17 - ListAllUITests-Runner (58692)' (26.686 seconds)
Test case 'ListAllUITests.testListInteraction()' passed on 'Clone 2 of iPhone 17 - ListAllUITests-Runner (58692)' (4.924 seconds)
Test case 'ListAllUITests.testMainViewElements()' passed on 'Clone 2 of iPhone 17 - ListAllUITests-Runner (58692)' (3.463 seconds)
Test case 'ListAllUITests.testNavigationFlow()' passed on 'Clone 2 of iPhone 17 - ListAllUITests-Runner (58692)' (6.458 seconds)
Test case 'ListAllUITests.testScrollPerformance()' passed on 'Clone 2 of iPhone 17 - ListAllUITests-Runner (58692)' (3.521 seconds)
Test case 'ListAllUITests.testSearchFunctionality()' passed on 'Clone 2 of iPhone 17 - ListAllUITests-Runner (58692)' (3.604 seconds)
Test case 'ListAllUITests.testSettingsView()' passed on 'Clone 2 of iPhone 17 - ListAllUITests-Runner (58692)' (5.406 seconds)
